// Jest Snapshot v1, https://goo.gl/fbAQLP

exports[`App correctly renders Snapshot test 1`] = `
<div
  className="App"
>
  <h1>
    Multi-Purpose Converter
  </h1>
  <div
    className="container"
  >
    <div
      className="converter"
    >
      <h4
        className="converter-heading"
      >
        Converting 
        Miles
         to/from 
        Kilometers
      </h4>
      <label
        className="x-label"
      >
        <input
          id="x"
          onChange={[Function]}
          step="any"
          type="number"
          value=""
        />
        Miles
      </label>
      <span
        className="mid-label"
      >
         is equal to 
      </span>
      <label
        className="y-label"
      >
        <input
          id="y"
          onChange={[Function]}
          step="any"
          type="number"
          value=""
        />
        Kilometers
      </label>
    </div>
  </div>
  <div
    className="container"
  >
    <div
      className="converter"
    >
      <h4
        className="converter-heading"
      >
        Converting 
        Cups
         to/from 
        Fluid Ounces
      </h4>
      <label
        className="x-label"
      >
        <input
          id="x"
          onChange={[Function]}
          step="any"
          type="number"
          value=""
        />
        Cups
      </label>
      <span
        className="mid-label"
      >
         is equal to 
      </span>
      <label
        className="y-label"
      >
        <input
          id="y"
          onChange={[Function]}
          step="any"
          type="number"
          value=""
        />
        Fluid Ounces
      </label>
    </div>
  </div>
  <div
    className="container"
  >
    <div
      className="converter"
    >
      <h4
        className="converter-heading"
      >
        Converting 
        Inches
         to/from 
        Centimeters
      </h4>
      <label
        className="x-label"
      >
        <input
          id="x"
          onChange={[Function]}
          step="any"
          type="number"
          value=""
        />
        Inches
      </label>
      <span
        className="mid-label"
      >
         is equal to 
      </span>
      <label
        className="y-label"
      >
        <input
          id="y"
          onChange={[Function]}
          step="any"
          type="number"
          value=""
        />
        Centimeters
      </label>
    </div>
  </div>
</div>
`;
